
==================== Tidy Core ====================
Result size of Tidy Core = {terms: 66, types: 43, coercions: 0, joins: 0/0}

-- RHS size: {terms: 15, types: 5, coercions: 0, joins: 0/0}
T18793.$wstuff [InlPrag=NOINLINE] :: GHC.Prim.Int# -> [Int]
[GblId, Arity=1, Str=<L>, Unf=OtherCon []]
T18793.$wstuff = \ (ww :: GHC.Prim.Int#) -> GHC.Types.: @Int (GHC.Types.I# ww) (GHC.Types.: @Int (GHC.Types.I# (GHC.Prim.+# ww 1#)) (GHC.Types.: @Int (GHC.Types.I# (GHC.Prim.+# ww 2#)) (GHC.Types.[] @Int)))

-- RHS size: {terms: 6, types: 3, coercions: 0, joins: 0/0}
stuff [InlPrag=[final]] :: Int -> [Int]
[GblId,
 Arity=1,
 Str=<1P(L)>,
 Unf=Unf{Src=InlineStable, TopLvl=True, Value=True, ConLike=True, WorkFree=True, Expandable=True, Guidance=ALWAYS_IF(arity=1,unsat_ok=True,boring_ok=False)
         Tmpl= \ (w [Occ=Once1!] :: Int) -> case w of { GHC.Types.I# ww [Occ=Once1] -> T18793.$wstuff ww }}]
stuff = \ (w :: Int) -> case w of { GHC.Types.I# ww -> T18793.$wstuff ww }

Rec {
-- RHS size: {terms: 23, types: 11, coercions: 0, joins: 0/0}
T18793.$wgo1 [InlPrag=[2], Occ=LoopBreaker] :: [Int] -> GHC.Prim.Int# -> GHC.Prim.Int#
[GblId, Arity=2, Str=<1L><L>, Unf=OtherCon []]
T18793.$wgo1
  = \ (w :: [Int]) (ww :: GHC.Prim.Int#) ->
      case w of {
        [] -> ww;
        : y ys ->
          case y of { GHC.Types.I# x ->
          case GHC.Prim.># x 42# of {
            __DEFAULT -> T18793.$wgo1 ys ww;
            1# -> T18793.$wgo1 ys (GHC.Prim.negateInt# ww)
          }
          }
      }
end Rec }

-- RHS size: {terms: 12, types: 6, coercions: 0, joins: 0/0}
T18793.f_go1 [InlPrag=[2]] :: [Int] -> Int -> Int
[GblId,
 Arity=2,
 Str=<1L><1P(L)>,
 Cpr=1,
 Unf=Unf{Src=InlineStable, TopLvl=True, Value=True, ConLike=True, WorkFree=True, Expandable=True, Guidance=ALWAYS_IF(arity=2,unsat_ok=True,boring_ok=False)
         Tmpl= \ (w [Occ=Once1] :: [Int]) (w1 [Occ=Once1!] :: Int) -> case w1 of { GHC.Types.I# ww [Occ=Once1] -> case T18793.$wgo1 w ww of ww1 [Occ=Once1] { __DEFAULT -> GHC.Types.I# ww1 } }}]
T18793.f_go1 = \ (w :: [Int]) (w1 :: Int) -> case w1 of { GHC.Types.I# ww -> case T18793.$wgo1 w ww of ww1 { __DEFAULT -> GHC.Types.I# ww1 } }

-- RHS size: {terms: 2, types: 0, coercions: 0, joins: 0/0}
T18793.f1 :: [Int]
[GblId, Unf=Unf{Src=<vanilla>, TopLvl=True, Value=False, ConLike=False, WorkFree=False, Expandable=False, Guidance=IF_ARGS [] 20 0}]
T18793.f1 = T18793.$wstuff 1#

-- RHS size: {terms: 2, types: 0, coercions: 0, joins: 0/0}
f :: Int -> Int
[GblId, Arity=1, Str=<1P(L)>, Cpr=1, Unf=Unf{Src=<vanilla>, TopLvl=True, Value=True, ConLike=True, WorkFree=True, Expandable=True, Guidance=IF_ARGS [] 20 60}]
f = T18793.f_go1 T18793.f1



