UnsafeInfered03.hs:4:1: error:
    UnsafeInfered03_A: Can't be safely imported!
    The module itself isn't safe.
