UnsafeInfered01.hs:4:1: error:
    UnsafeInfered01_A: Can't be safely imported!
    The module itself isn't safe.
