UnsafeInfered09.hs:4:1: error:
    UnsafeInfered09_A: Can't be safely imported!
    The module itself isn't safe.
